-- functionextraction_extract_return_init_nonnested_5_2 --
package extract

func _() string {
	x := 1
	//@mark(exSt12, "if")
	return newFunction(x) //@mark(exEn12, "\"b\"")
	//@extractfunc(exSt12, exEn12)
}

func newFunction(x int) string {
	if x == 0 {
		x = 3
		return "a"
	}
	x = 2
	return "b"
}

