-- summary --
CallHierarchyCount = 2
CodeLensCount = 5
CompletionsCount = 263
CompletionSnippetCount = 106
UnimportedCompletionsCount = 5
DeepCompletionsCount = 5
FuzzyCompletionsCount = 8
RankedCompletionsCount = 164
CaseSensitiveCompletionsCount = 4
DiagnosticsCount = 23
FoldingRangesCount = 2
SemanticTokenCount = 3
SuggestedFixCount = 73
MethodExtractionCount = 6
DefinitionsCount = 46
TypeDefinitionsCount = 18
HighlightsCount = 70
InlayHintsCount = 4
RenamesCount = 41
PrepareRenamesCount = 7
SignaturesCount = 33
LinksCount = 7
SelectionRangesCount = 3

