-- summary --
CallHierarchyCount = 2
CompletionsCount = 194
CompletionSnippetCount = 74
DeepCompletionsCount = 5
FuzzyCompletionsCount = 8
RankedCompletionsCount = 166
CaseSensitiveCompletionsCount = 4
SemanticTokenCount = 3
SuggestedFixCount = 80
MethodExtractionCount = 8
InlayHintsCount = 5
RenamesCount = 48
PrepareRenamesCount = 7
SignaturesCount = 32
LinksCount = 7
SelectionRangesCount = 3

