-- summary --
CallHierarchyCount = 2
CodeLensCount = 5
CompletionsCount = 264
CompletionSnippetCount = 115
UnimportedCompletionsCount = 5
DeepCompletionsCount = 5
FuzzyCompletionsCount = 8
RankedCompletionsCount = 174
CaseSensitiveCompletionsCount = 4
DiagnosticsCount = 24
FoldingRangesCount = 2
SemanticTokenCount = 3
SuggestedFixCount = 79
MethodExtractionCount = 6
DefinitionsCount = 46
TypeDefinitionsCount = 18
HighlightsCount = 70
InlayHintsCount = 5
RenamesCount = 48
PrepareRenamesCount = 7
SignaturesCount = 33
LinksCount = 7
SelectionRangesCount = 3

