-- summary --
CallHierarchyCount = 2
CodeLensCount = 5
CompletionsCount = 264
CompletionSnippetCount = 115
UnimportedCompletionsCount = 5
DeepCompletionsCount = 5
FuzzyCompletionsCount = 8
RankedCompletionsCount = 174
CaseSensitiveCompletionsCount = 4
DiagnosticsCount = 39
FoldingRangesCount = 2
FormatCount = 6
ImportCount = 8
SemanticTokenCount = 3
SuggestedFixCount = 69
FunctionExtractionCount = 27
MethodExtractionCount = 6
DefinitionsCount = 110
TypeDefinitionsCount = 18
HighlightsCount = 69
InlayHintsCount = 5
ReferencesCount = 27
RenamesCount = 48
PrepareRenamesCount = 7
SymbolsCount = 2
WorkspaceSymbolsCount = 20
SignaturesCount = 33
LinksCount = 7
ImplementationsCount = 14

