-- Member-definition --
godef/a/d.go:6:2-8: defined here as ```go
field Member string
```

[`(a.Thing).Member` on pkg.go.dev](https://pkg.go.dev/golang.org/x/tools/internal/lsp/godef/a#Thing.Member)

\@Member
-- Member-definition-json --
{
	"span": {
		"uri": "file://godef/a/d.go",
		"start": {
			"line": 6,
			"column": 2,
			"offset": 55
		},
		"end": {
			"line": 6,
			"column": 8,
			"offset": 61
		}
	},
	"description": "```go\nfield Member string\n```\n\n[`(a.Thing).Member` on pkg.go.dev](https://pkg.go.dev/golang.org/x/tools/internal/lsp/godef/a#Thing.Member)\n\n\\@Member"
}

-- Member-hover --
\@Member

[`(a.Thing).Member` on pkg.go.dev](https://pkg.go.dev/golang.org/x/tools/internal/lsp/godef/a#Thing.Member)

```go
field Member string
```
-- Other-definition --
godef/a/d.go:9:5-10: defined here as ```go
var a.Other a.Thing
```

[`a.Other` on pkg.go.dev](https://pkg.go.dev/golang.org/x/tools/internal/lsp/godef/a#Other)
-- Other-definition-json --
{
	"span": {
		"uri": "file://godef/a/d.go",
		"start": {
			"line": 9,
			"column": 5,
			"offset": 86
		},
		"end": {
			"line": 9,
			"column": 10,
			"offset": 91
		}
	},
	"description": "```go\nvar a.Other a.Thing\n```\n\n[`a.Other` on pkg.go.dev](https://pkg.go.dev/golang.org/x/tools/internal/lsp/godef/a#Other)"
}

-- Other-hover --
[`a.Other` on pkg.go.dev](https://pkg.go.dev/golang.org/x/tools/internal/lsp/godef/a#Other)

```go
var a.Other a.Thing
```
-- Thing-definition --
godef/a/d.go:5:6-11: defined here as ```go
Thing struct {
	Member string //@Member
}
```

[`a.Thing` on pkg.go.dev](https://pkg.go.dev/golang.org/x/tools/internal/lsp/godef/a#Thing)
-- Thing-definition-json --
{
	"span": {
		"uri": "file://godef/a/d.go",
		"start": {
			"line": 5,
			"column": 6,
			"offset": 30
		},
		"end": {
			"line": 5,
			"column": 11,
			"offset": 35
		}
	},
	"description": "```go\nThing struct {\n\tMember string //@Member\n}\n```\n\n[`a.Thing` on pkg.go.dev](https://pkg.go.dev/golang.org/x/tools/internal/lsp/godef/a#Thing)"
}

-- Thing-hover --
[`a.Thing` on pkg.go.dev](https://pkg.go.dev/golang.org/x/tools/internal/lsp/godef/a#Thing)

```go
Thing struct {
	Member string //@Member
}
```
-- Things-definition --
godef/a/d.go:11:6-12: defined here as ```go
func a.Things(val []string) []a.Thing
```

[`a.Things` on pkg.go.dev](https://pkg.go.dev/golang.org/x/tools/internal/lsp/godef/a#Things)
-- Things-definition-json --
{
	"span": {
		"uri": "file://godef/a/d.go",
		"start": {
			"line": 11,
			"column": 6,
			"offset": 113
		},
		"end": {
			"line": 11,
			"column": 12,
			"offset": 119
		}
	},
	"description": "```go\nfunc a.Things(val []string) []a.Thing\n```\n\n[`a.Things` on pkg.go.dev](https://pkg.go.dev/golang.org/x/tools/internal/lsp/godef/a#Things)"
}

-- Things-hover --
[`a.Things` on pkg.go.dev](https://pkg.go.dev/golang.org/x/tools/internal/lsp/godef/a#Things)

```go
func a.Things(val []string) []a.Thing
```
