-- functionextraction_extract_return_basic_5_2 --
package extract

func _() bool {
	x := 1
	//@mark(exSt2, "if")
	cond0, ret0 := fn0(x)
	if cond0 {
		return ret0
	} //@mark(exEn2, "}")
	return false
	//@extractfunc(exSt2, exEn2)
}

func fn0(x int) (bool, bool) {
	if x == 0 {
		return true, true
	}
	return false, false
}

