-- foldingRange-0 --
package folding //@fold("package")

import (<>)

import _ "os"

// bar is a function.<>
func bar(<>) string {<>}

-- foldingRange-1 --
package folding //@fold("package")

import (
	"fmt"
	_ "log"
)

import _ "os"

// bar is a function.
// With a multiline doc comment.
func bar() string {
	/* This is a single line comment */
	switch {<>}
	/* This is a multiline<>

	/* This is a multiline<>
	_ = []int{<>}
	_ = [2]string{<>}
	_ = map[string]int{<>}
	type T struct {<>}
	_ = T{<>}
	x, y := make(<>), make(<>)
	select {<>}
	// This is a multiline comment<>
	return <>
}

-- foldingRange-2 --
package folding //@fold("package")

import (
	"fmt"
	_ "log"
)

import _ "os"

// bar is a function.
// With a multiline doc comment.
func bar() string {
	/* This is a single line comment */
	switch {
	case true:<>
	case false:<>
	default:<>
	}
	/* This is a multiline
	block
	comment */

	/* This is a multiline
	block
	comment */
	// Followed by another comment.
	_ = []int{
		1,
		2,
		3,
	}
	_ = [2]string{"d",
		"e",
	}
	_ = map[string]int{
		"a": 1,
		"b": 2,
		"c": 3,
	}
	type T struct {
		f string
		g int
		h string
	}
	_ = T{
		f: "j",
		g: 4,
		h: "i",
	}
	x, y := make(chan bool), make(chan bool)
	select {
	case val := <-x:<>
	case <-y:<>
	default:<>
	}
	// This is a multiline comment
	// that is not a doc comment.
	return `
this string
is not indented`
}

-- foldingRange-3 --
package folding //@fold("package")

import (
	"fmt"
	_ "log"
)

import _ "os"

// bar is a function.
// With a multiline doc comment.
func bar() string {
	/* This is a single line comment */
	switch {
	case true:
		if true {<>} else {<>}
	case false:
		fmt.Println(<>)
	default:
		fmt.Println(<>)
	}
	/* This is a multiline
	block
	comment */

	/* This is a multiline
	block
	comment */
	// Followed by another comment.
	_ = []int{
		1,
		2,
		3,
	}
	_ = [2]string{"d",
		"e",
	}
	_ = map[string]int{
		"a": 1,
		"b": 2,
		"c": 3,
	}
	type T struct {
		f string
		g int
		h string
	}
	_ = T{
		f: "j",
		g: 4,
		h: "i",
	}
	x, y := make(chan bool), make(chan bool)
	select {
	case val := <-x:
		if val {<>} else {<>}
	case <-y:
		fmt.Println(<>)
	default:
		fmt.Println(<>)
	}
	// This is a multiline comment
	// that is not a doc comment.
	return `
this string
is not indented`
}

-- foldingRange-4 --
package folding //@fold("package")

import (
	"fmt"
	_ "log"
)

import _ "os"

// bar is a function.
// With a multiline doc comment.
func bar() string {
	/* This is a single line comment */
	switch {
	case true:
		if true {
			fmt.Println(<>)
		} else {
			fmt.Println(<>)
		}
	case false:
		fmt.Println("false")
	default:
		fmt.Println("default")
	}
	/* This is a multiline
	block
	comment */

	/* This is a multiline
	block
	comment */
	// Followed by another comment.
	_ = []int{
		1,
		2,
		3,
	}
	_ = [2]string{"d",
		"e",
	}
	_ = map[string]int{
		"a": 1,
		"b": 2,
		"c": 3,
	}
	type T struct {
		f string
		g int
		h string
	}
	_ = T{
		f: "j",
		g: 4,
		h: "i",
	}
	x, y := make(chan bool), make(chan bool)
	select {
	case val := <-x:
		if val {
			fmt.Println(<>)
		} else {
			fmt.Println(<>)
		}
	case <-y:
		fmt.Println("y")
	default:
		fmt.Println("default")
	}
	// This is a multiline comment
	// that is not a doc comment.
	return `
this string
is not indented`
}

-- foldingRange-cmd --
3:9-6:1
10:22-11:33
12:10-12:10
12:20-75:1
14:10-25:2
15:12-20:4
16:12-18:3
17:16-17:22
18:11-20:3
19:16-19:23
21:13-22:23
22:15-22:22
23:10-24:25
24:15-24:24
26:24-28:12
30:24-33:33
34:12-38:2
39:16-41:2
42:21-46:2
47:17-51:2
52:8-56:2
57:15-57:24
57:32-57:41
58:10-69:2
59:18-64:4
60:11-62:3
61:16-61:29
62:11-64:3
63:16-63:30
65:11-66:19
66:15-66:18
67:10-68:25
68:15-68:24
70:32-71:31
72:9-74:17

-- foldingRange-comment-0 --
package folding //@fold("package")

import (
	"fmt"
	_ "log"
)

import _ "os"

// bar is a function.<>
func bar() string {
	/* This is a single line comment */
	switch {
	case true:
		if true {
			fmt.Println("true")
		} else {
			fmt.Println("false")
		}
	case false:
		fmt.Println("false")
	default:
		fmt.Println("default")
	}
	/* This is a multiline<>

	/* This is a multiline<>
	_ = []int{
		1,
		2,
		3,
	}
	_ = [2]string{"d",
		"e",
	}
	_ = map[string]int{
		"a": 1,
		"b": 2,
		"c": 3,
	}
	type T struct {
		f string
		g int
		h string
	}
	_ = T{
		f: "j",
		g: 4,
		h: "i",
	}
	x, y := make(chan bool), make(chan bool)
	select {
	case val := <-x:
		if val {
			fmt.Println("true from x")
		} else {
			fmt.Println("false from x")
		}
	case <-y:
		fmt.Println("y")
	default:
		fmt.Println("default")
	}
	// This is a multiline comment<>
	return `
this string
is not indented`
}

-- foldingRange-imports-0 --
package folding //@fold("package")

import (<>)

import _ "os"

// bar is a function.
// With a multiline doc comment.
func bar() string {
	/* This is a single line comment */
	switch {
	case true:
		if true {
			fmt.Println("true")
		} else {
			fmt.Println("false")
		}
	case false:
		fmt.Println("false")
	default:
		fmt.Println("default")
	}
	/* This is a multiline
	block
	comment */

	/* This is a multiline
	block
	comment */
	// Followed by another comment.
	_ = []int{
		1,
		2,
		3,
	}
	_ = [2]string{"d",
		"e",
	}
	_ = map[string]int{
		"a": 1,
		"b": 2,
		"c": 3,
	}
	type T struct {
		f string
		g int
		h string
	}
	_ = T{
		f: "j",
		g: 4,
		h: "i",
	}
	x, y := make(chan bool), make(chan bool)
	select {
	case val := <-x:
		if val {
			fmt.Println("true from x")
		} else {
			fmt.Println("false from x")
		}
	case <-y:
		fmt.Println("y")
	default:
		fmt.Println("default")
	}
	// This is a multiline comment
	// that is not a doc comment.
	return `
this string
is not indented`
}

-- foldingRange-lineFolding-0 --
package folding //@fold("package")

import (<>
)

import _ "os"

// bar is a function.<>
func bar() string {<>
}

-- foldingRange-lineFolding-1 --
package folding //@fold("package")

import (
	"fmt"
	_ "log"
)

import _ "os"

// bar is a function.
// With a multiline doc comment.
func bar() string {
	/* This is a single line comment */
	switch {<>
	}
	/* This is a multiline<>

	/* This is a multiline<>
	_ = []int{<>,
	}
	_ = [2]string{"d",
		"e",
	}
	_ = map[string]int{<>,
	}
	type T struct {<>
	}
	_ = T{<>,
	}
	x, y := make(chan bool), make(chan bool)
	select {<>
	}
	// This is a multiline comment<>
	return <>
}

-- foldingRange-lineFolding-2 --
package folding //@fold("package")

import (
	"fmt"
	_ "log"
)

import _ "os"

// bar is a function.
// With a multiline doc comment.
func bar() string {
	/* This is a single line comment */
	switch {
	case true:<>
	case false:<>
	default:<>
	}
	/* This is a multiline
	block
	comment */

	/* This is a multiline
	block
	comment */
	// Followed by another comment.
	_ = []int{
		1,
		2,
		3,
	}
	_ = [2]string{"d",
		"e",
	}
	_ = map[string]int{
		"a": 1,
		"b": 2,
		"c": 3,
	}
	type T struct {
		f string
		g int
		h string
	}
	_ = T{
		f: "j",
		g: 4,
		h: "i",
	}
	x, y := make(chan bool), make(chan bool)
	select {
	case val := <-x:<>
	case <-y:<>
	default:<>
	}
	// This is a multiline comment
	// that is not a doc comment.
	return `
this string
is not indented`
}

-- foldingRange-lineFolding-3 --
package folding //@fold("package")

import (
	"fmt"
	_ "log"
)

import _ "os"

// bar is a function.
// With a multiline doc comment.
func bar() string {
	/* This is a single line comment */
	switch {
	case true:
		if true {<>
		} else {<>
		}
	case false:
		fmt.Println("false")
	default:
		fmt.Println("default")
	}
	/* This is a multiline
	block
	comment */

	/* This is a multiline
	block
	comment */
	// Followed by another comment.
	_ = []int{
		1,
		2,
		3,
	}
	_ = [2]string{"d",
		"e",
	}
	_ = map[string]int{
		"a": 1,
		"b": 2,
		"c": 3,
	}
	type T struct {
		f string
		g int
		h string
	}
	_ = T{
		f: "j",
		g: 4,
		h: "i",
	}
	x, y := make(chan bool), make(chan bool)
	select {
	case val := <-x:
		if val {<>
		} else {<>
		}
	case <-y:
		fmt.Println("y")
	default:
		fmt.Println("default")
	}
	// This is a multiline comment
	// that is not a doc comment.
	return `
this string
is not indented`
}

-- foldingRange-lineFolding-comment-0 --
package folding //@fold("package")

import (
	"fmt"
	_ "log"
)

import _ "os"

// bar is a function.<>
func bar() string {
	/* This is a single line comment */
	switch {
	case true:
		if true {
			fmt.Println("true")
		} else {
			fmt.Println("false")
		}
	case false:
		fmt.Println("false")
	default:
		fmt.Println("default")
	}
	/* This is a multiline<>

	/* This is a multiline<>
	_ = []int{
		1,
		2,
		3,
	}
	_ = [2]string{"d",
		"e",
	}
	_ = map[string]int{
		"a": 1,
		"b": 2,
		"c": 3,
	}
	type T struct {
		f string
		g int
		h string
	}
	_ = T{
		f: "j",
		g: 4,
		h: "i",
	}
	x, y := make(chan bool), make(chan bool)
	select {
	case val := <-x:
		if val {
			fmt.Println("true from x")
		} else {
			fmt.Println("false from x")
		}
	case <-y:
		fmt.Println("y")
	default:
		fmt.Println("default")
	}
	// This is a multiline comment<>
	return `
this string
is not indented`
}

-- foldingRange-lineFolding-imports-0 --
package folding //@fold("package")

import (<>
)

import _ "os"

// bar is a function.
// With a multiline doc comment.
func bar() string {
	/* This is a single line comment */
	switch {
	case true:
		if true {
			fmt.Println("true")
		} else {
			fmt.Println("false")
		}
	case false:
		fmt.Println("false")
	default:
		fmt.Println("default")
	}
	/* This is a multiline
	block
	comment */

	/* This is a multiline
	block
	comment */
	// Followed by another comment.
	_ = []int{
		1,
		2,
		3,
	}
	_ = [2]string{"d",
		"e",
	}
	_ = map[string]int{
		"a": 1,
		"b": 2,
		"c": 3,
	}
	type T struct {
		f string
		g int
		h string
	}
	_ = T{
		f: "j",
		g: 4,
		h: "i",
	}
	x, y := make(chan bool), make(chan bool)
	select {
	case val := <-x:
		if val {
			fmt.Println("true from x")
		} else {
			fmt.Println("false from x")
		}
	case <-y:
		fmt.Println("y")
	default:
		fmt.Println("default")
	}
	// This is a multiline comment
	// that is not a doc comment.
	return `
this string
is not indented`
}

