-- summary --
CodeLensCount = 0
CompletionsCount = 226
CompletionSnippetCount = 68
UnimportedCompletionsCount = 11
DeepCompletionsCount = 5
FuzzyCompletionsCount = 8
RankedCompletionsCount = 111
CaseSensitiveCompletionsCount = 4
DiagnosticsCount = 39
FoldingRangesCount = 2
FormatCount = 6
ImportCount = 7
SuggestedFixCount = 1
DefinitionsCount = 45
TypeDefinitionsCount = 2
HighlightsCount = 52
ReferencesCount = 9
RenamesCount = 23
PrepareRenamesCount = 7
SymbolsCount = 3
WorkspaceSymbolsCount = 0
FuzzyWorkspaceSymbolsCount = 3
CaseSensitiveWorkspaceSymbolsCount = 2
SignaturesCount = 23
LinksCount = 8
ImplementationsCount = 5

