-------- @describe pkgdecl --------
{
	"mode": "describe",
	"describe": {
		"desc": "definition of package \"describe\"",
		"pos": "testdata/src/main/describe-json.go:1:9",
		"detail": "package",
		"package": {
			"path": "describe",
			"members": [
				{
					"name": "C",
					"type": "int",
					"pos": "testdata/src/main/describe-json.go:27:6",
					"kind": "type",
					"methods": [
						{
							"name": "method (describe.C) f()",
							"pos": "testdata/src/main/describe-json.go:30:12"
						}
					]
				},
				{
					"name": "D",
					"type": "struct{}",
					"pos": "testdata/src/main/describe-json.go:28:6",
					"kind": "type",
					"methods": [
						{
							"name": "method (*describe.D) f()",
							"pos": "testdata/src/main/describe-json.go:31:13"
						}
					]
				},
				{
					"name": "I",
					"type": "interface{f()}",
					"pos": "testdata/src/main/describe-json.go:23:6",
					"kind": "type",
					"methods": [
						{
							"name": "method (describe.I) f()",
							"pos": "testdata/src/main/describe-json.go:24:2"
						}
					]
				},
				{
					"name": "main",
					"type": "func()",
					"pos": "testdata/src/main/describe-json.go:9:6",
					"kind": "func"
				}
			]
		}
	}
}-------- @implements implements --------
{
	"mode": "implements",
	"implements": [
		{
			"i": "describe.I",
			"ipos": "testdata/src/main/describe-json.go:23:6",
			"c": "describe.C",
			"cpos": "testdata/src/main/describe-json.go:27:6"
		},
		{
			"i": "describe.I",
			"ipos": "testdata/src/main/describe-json.go:23:6",
			"c": "*describe.D",
			"cpos": "testdata/src/main/describe-json.go:28:6"
		}
	]
}-------- @describe desc-val-p --------
{
	"mode": "describe",
	"describe": {
		"desc": "identifier",
		"pos": "testdata/src/main/describe-json.go:11:2",
		"detail": "value",
		"value": {
			"type": "*int",
			"objpos": "testdata/src/main/describe-json.go:11:2",
			"pts": [
				{
					"type": "*int",
					"labels": [
						{
							"pos": "testdata/src/main/describe-json.go:10:6",
							"desc": "s.x[*]"
						}
					]
				}
			]
		}
	}
}-------- @describe desc-val-i --------
{
	"mode": "describe",
	"describe": {
		"desc": "identifier",
		"pos": "testdata/src/main/describe-json.go:18:6",
		"detail": "value",
		"value": {
			"type": "describe.I",
			"objpos": "testdata/src/main/describe-json.go:14:6",
			"pts": [
				{
					"type": "*describe.D",
					"namepos": "testdata/src/main/describe-json.go:28:6",
					"labels": [
						{
							"pos": "testdata/src/main/describe-json.go:16:10",
							"desc": "new"
						}
					]
				},
				{
					"type": "describe.C",
					"namepos": "testdata/src/main/describe-json.go:27:6"
				}
			]
		}
	}
}-------- @describe desc-stmt --------
{
	"mode": "describe",
	"describe": {
		"desc": "go statement",
		"pos": "testdata/src/main/describe-json.go:20:2",
		"detail": "unknown"
	}
}-------- @describe desc-type-C --------
{
	"mode": "describe",
	"describe": {
		"desc": "definition of type describe.C",
		"pos": "testdata/src/main/describe-json.go:27:6",
		"detail": "type",
		"type": {
			"type": "describe.C",
			"namepos": "testdata/src/main/describe-json.go:27:6",
			"namedef": "int",
			"methods": [
				{
					"name": "method (describe.C) f()",
					"pos": "testdata/src/main/describe-json.go:30:12"
				}
			]
		}
	}
}