-------- @peers peer-recv-chA --------
{
	"mode": "peers",
	"peers": {
		"pos": "testdata/src/main/peers-json.go:11:7",
		"type": "chan *int",
		"allocs": [
			"testdata/src/main/peers-json.go:8:13"
		],
		"receives": [
			"testdata/src/main/peers-json.go:9:2",
			"testdata/src/main/peers-json.go:11:7"
		]
	}
}