-- suggestedfix_stub_pointer_6_9 --
package stub

import "io"

func getReaderFrom() io.ReaderFrom {
	return &pointerImpl{} //@suggestedfix("&", "quickfix", "")
}

type pointerImpl struct{}

// ReadFrom implements io.ReaderFrom.
func (*pointerImpl) ReadFrom(r io.Reader) (n int64, err error) {
	panic("unimplemented")
}

