package q

import "p"

type _ = int
type a = struct{ x int }
type b = p.B

type (
	_  = chan<- int
	aa = interface{}
	bb = p.BB
)

// TODO(gri) We may want to put the '=' into a separate column if
// we have mixed (regular and alias) type declarations in a group.
type (
	_   chan<- int
	_   = chan<- int
	aa0 interface{}
	aaa = interface{}
	bb0 p.BB
	bbb = p.BB
)
