-- suggestedfix_extract_basic_lit_4_10 --
package extract

func _() {
	x0 := 1
	var _ = x0 + 2 //@suggestedfix("1", "refactor.extract")
	var _ = 3 + 4 //@suggestedfix("3 + 4", "refactor.extract")
}

-- suggestedfix_extract_basic_lit_5_10 --
package extract

func _() {
	var _ = 1 + 2 //@suggestedfix("1", "refactor.extract")
	x0 := 3 + 4
	var _ = x0 //@suggestedfix("3 + 4", "refactor.extract")
}

