-- workspace_symbol --
workspacesymbol/a/a.go:3:5-26 a.RandomGopherVariableA Variable
workspacesymbol/a/a.go:8:2-24 a.randomgopherinvariable Constant
workspacesymbol/b/b.go:3:5-26 b.RandomGopherVariableB Variable
workspacesymbol/b/b.go:5:6-25 b.RandomGopherStructB Struct
workspacesymbol/b/b.go:6:2-5 b.RandomGopherStructB.Bar Field
