-- bar-rename --
testy.go:
package testy

type tt int //@rename("tt", "testyType")

func a() {
	bar := 42 //@rename("foo", "bar")
}

-- testyType-rename --
testy.go:
package testy

type testyType int //@rename("tt", "testyType")

func a() {
	foo := 42 //@rename("foo", "bar")
}

-- testyType-d-rename --
--- rename/testy/testy.go.orig
+++ rename/testy/testy.go
@@ -1,6 +1,6 @@
 package testy
 
-type tt int //@rename("tt", "testyType")
+type testyType int //@rename("tt", "testyType")
 
 func a() {
 	foo := 42 //@rename("foo", "bar")

-- bar-d-rename --
--- rename/testy/testy.go.orig
+++ rename/testy/testy.go
@@ -3,5 +3,5 @@
 type tt int //@rename("tt", "testyType")
 
 func a() {
-	foo := 42 //@rename("foo", "bar")
+	bar := 42 //@rename("foo", "bar")
 }

