-- b-rename --
testy.go:
package testy

type tt int //@rename("tt", "testyType")

func b() {
	foo := 42 //@rename("foo", "bar")
}

testy_test.go:
package testy

import "testing"

func TestSomething(t *testing.T) {
	var x int //@rename("x", "testyX")
	b()       //@rename("a", "b")
}

-- testyX-rename --
testy_test.go:
package testy

import "testing"

func TestSomething(t *testing.T) {
	var testyX int //@rename("x", "testyX")
	a()       //@rename("a", "b")
}

-- testyX-d-rename --
--- rename/testy/testy_test.go.orig
+++ rename/testy/testy_test.go
@@ -3,6 +3,6 @@
 import "testing"
 
 func TestSomething(t *testing.T) {
-	var x int //@rename("x", "testyX")
+	var testyX int //@rename("x", "testyX")
 	a()       //@rename("a", "b")
 }

-- b-d-rename --
--- rename/testy/testy.go.orig
+++ rename/testy/testy.go
@@ -2,6 +2,6 @@
 
 type tt int //@rename("tt", "testyType")
 
-func a() {
+func b() {
 	foo := 42 //@rename("foo", "bar")
 }
--- rename/testy/testy_test.go.orig
+++ rename/testy/testy_test.go
@@ -4,5 +4,5 @@
 
 func TestSomething(t *testing.T) {
 	var x int //@rename("x", "testyX")
-	a()       //@rename("a", "b")
+	b()       //@rename("a", "b")
 }

