-- intY-hover --
```go
var y int
```
-- stringY-hover --
```go
var y string
```
-- switchY-definition --
godef/a/f.go:8:9-10: defined here as ```go
var y interface{}
```
-- switchY-definition-json --
{
	"span": {
		"uri": "file://godef/a/f.go",
		"start": {
			"line": 8,
			"column": 9,
			"offset": 76
		},
		"end": {
			"line": 8,
			"column": 10,
			"offset": 77
		}
	},
	"description": "```go\nvar y interface{}\n```"
}

-- switchY-hover --
```go
var y interface{}
```
