-- foldingRange --
package folding //@fold("package")

import (<>)

import _ "os"

// bar is a function.<>
func bar(<>) string {<>}

-- foldingRange-comment --
package folding //@fold("package")

import (
	_ "fmt"
	_ "log"
)

import _ "os"

// bar is a function.<>
func bar() string {
	return `
this string
is not indented`

}

-- foldingRange-imports --
package folding //@fold("package")

import (<>)

import _ "os"

// bar is a function.
// With a multiline doc comment.
func bar() string {
	return `
this string
is not indented`

}

