-- myUnclosedIf-definition --
godef/broken/unclosedIf.go:7:7-19: defined here as ```go
var myUnclosedIf string
```

\@myUnclosedIf
-- myUnclosedIf-definition-json --
{
	"span": {
		"uri": "file://godef/broken/unclosedIf.go",
		"start": {
			"line": 7,
			"column": 7,
			"offset": 68
		},
		"end": {
			"line": 7,
			"column": 19,
			"offset": 80
		}
	},
	"description": "```go\nvar myUnclosedIf string\n```\n\n\\@myUnclosedIf"
}

-- myUnclosedIf-hover --
\@myUnclosedIf

```go
var myUnclosedIf string
```
